Archive member included to satisfy reference by file (symbol)

c:/nxp/mcuxpressoide_10.0.0_344/ide/tools/bin/../lib/gcc/arm-none-eabi/5.4.1/../../../../arm-none-eabi/lib/armv6-m\libcr_semihost_nf.a(_cr__main.o)
                              ./startup/startup_mkl26z4.o (__main)
c:/nxp/mcuxpressoide_10.0.0_344/ide/tools/bin/../lib/gcc/arm-none-eabi/5.4.1/../../../../arm-none-eabi/lib/armv6-m\libcr_semihost_nf.a(_cr_assert.o)
                              ./source/ZF_Controller.o (__assertion_failed)
c:/nxp/mcuxpressoide_10.0.0_344/ide/tools/bin/../lib/gcc/arm-none-eabi/5.4.1/../../../../arm-none-eabi/lib/armv6-m\libcr_semihost_nf.a(__ciob.o)
                              c:/nxp/mcuxpressoide_10.0.0_344/ide/tools/bin/../lib/gcc/arm-none-eabi/5.4.1/../../../../arm-none-eabi/lib/armv6-m\libcr_semihost_nf.a(_cr_assert.o) (__Ciob)
c:/nxp/mcuxpressoide_10.0.0_344/ide/tools/bin/../lib/gcc/arm-none-eabi/5.4.1/../../../../arm-none-eabi/lib/armv6-m\libcr_semihost_nf.a(__sys_appexit.o)
                              c:/nxp/mcuxpressoide_10.0.0_344/ide/tools/bin/../lib/gcc/arm-none-eabi/5.4.1/../../../../arm-none-eabi/lib/armv6-m\libcr_semihost_nf.a(_cr_assert.o) (__sys_appexit)
c:/nxp/mcuxpressoide_10.0.0_344/ide/tools/bin/../lib/gcc/arm-none-eabi/5.4.1/../../../../arm-none-eabi/lib/armv6-m\libcr_c.a(memcpy.o)
                              ./drivers/fsl_flash.o (memcpy)
c:/nxp/mcuxpressoide_10.0.0_344/ide/tools/bin/../lib/gcc/arm-none-eabi/5.4.1/../../../../arm-none-eabi/lib/armv6-m\libcr_c.a(memset.o)
                              ./drivers/fsl_flash.o (memset)
c:/nxp/mcuxpressoide_10.0.0_344/ide/tools/bin/../lib/gcc/arm-none-eabi/5.4.1/../../../../arm-none-eabi/lib/armv6-m\libcr_c.a(_deferredlazyseek.o)
                              c:/nxp/mcuxpressoide_10.0.0_344/ide/tools/bin/../lib/gcc/arm-none-eabi/5.4.1/../../../../arm-none-eabi/lib/armv6-m\libcr_semihost_nf.a(_cr_assert.o) (__flsbuf)
c:/nxp/mcuxpressoide_10.0.0_344/ide/tools/bin/../lib/gcc/arm-none-eabi/5.4.1/../../../../arm-none-eabi/lib/armv6-m\libcr_c.a(_fflush.o)
                              c:/nxp/mcuxpressoide_10.0.0_344/ide/tools/bin/../lib/gcc/arm-none-eabi/5.4.1/../../../../arm-none-eabi/lib/armv6-m\libcr_c.a(_deferredlazyseek.o) (_fflush)
c:/nxp/mcuxpressoide_10.0.0_344/ide/tools/bin/../lib/gcc/arm-none-eabi/5.4.1/../../../../arm-none-eabi/lib/armv6-m\libcr_c.a(_writebuf.o)
                              c:/nxp/mcuxpressoide_10.0.0_344/ide/tools/bin/../lib/gcc/arm-none-eabi/5.4.1/../../../../arm-none-eabi/lib/armv6-m\libcr_c.a(_deferredlazyseek.o) (_Cwritebuf)
c:/nxp/mcuxpressoide_10.0.0_344/ide/tools/bin/../lib/gcc/arm-none-eabi/5.4.1/../../../../arm-none-eabi/lib/armv6-m\libcr_c.a(alloc.o)
                              c:/nxp/mcuxpressoide_10.0.0_344/ide/tools/bin/../lib/gcc/arm-none-eabi/5.4.1/../../../../arm-none-eabi/lib/armv6-m\libcr_c.a(_deferredlazyseek.o) (_Csys_alloc)
c:/nxp/mcuxpressoide_10.0.0_344/ide/tools/bin/../lib/gcc/arm-none-eabi/5.4.1/../../../../arm-none-eabi/lib/armv6-m\libcr_c.a(fputs.o)
                              c:/nxp/mcuxpressoide_10.0.0_344/ide/tools/bin/../lib/gcc/arm-none-eabi/5.4.1/../../../../arm-none-eabi/lib/armv6-m\libcr_semihost_nf.a(_cr_assert.o) (fputs)
c:/nxp/mcuxpressoide_10.0.0_344/ide/tools/bin/../lib/gcc/arm-none-eabi/5.4.1/../../../../arm-none-eabi/lib/armv6-m\libcr_c.a(fseek.o)
                              c:/nxp/mcuxpressoide_10.0.0_344/ide/tools/bin/../lib/gcc/arm-none-eabi/5.4.1/../../../../arm-none-eabi/lib/armv6-m\libcr_c.a(_deferredlazyseek.o) (fseek)
c:/nxp/mcuxpressoide_10.0.0_344/ide/tools/bin/../lib/gcc/arm-none-eabi/5.4.1/../../../../arm-none-eabi/lib/armv6-m\libcr_c.a(ftell.o)
                              c:/nxp/mcuxpressoide_10.0.0_344/ide/tools/bin/../lib/gcc/arm-none-eabi/5.4.1/../../../../arm-none-eabi/lib/armv6-m\libcr_c.a(fseek.o) (ftell)
c:/nxp/mcuxpressoide_10.0.0_344/ide/tools/bin/../lib/gcc/arm-none-eabi/5.4.1/../../../../arm-none-eabi/lib/armv6-m\libcr_c.a(initio.o)
                              c:/nxp/mcuxpressoide_10.0.0_344/ide/tools/bin/../lib/gcc/arm-none-eabi/5.4.1/../../../../arm-none-eabi/lib/armv6-m\libcr_semihost_nf.a(_cr__main.o) (_initio)
c:/nxp/mcuxpressoide_10.0.0_344/ide/tools/bin/../lib/gcc/arm-none-eabi/5.4.1/../../../../arm-none-eabi/lib/armv6-m\libcr_c.a(setvbuf.o)
                              c:/nxp/mcuxpressoide_10.0.0_344/ide/tools/bin/../lib/gcc/arm-none-eabi/5.4.1/../../../../arm-none-eabi/lib/armv6-m\libcr_c.a(initio.o) (setvbuf)
c:/nxp/mcuxpressoide_10.0.0_344/ide/tools/bin/../lib/gcc/arm-none-eabi/5.4.1/../../../../arm-none-eabi/lib/armv6-m\libcr_c.a(__init_alloc.o)
                              c:/nxp/mcuxpressoide_10.0.0_344/ide/tools/bin/../lib/gcc/arm-none-eabi/5.4.1/../../../../arm-none-eabi/lib/armv6-m\libcr_c.a(alloc.o) (__heaps)
c:/nxp/mcuxpressoide_10.0.0_344/ide/tools/bin/../lib/gcc/arm-none-eabi/5.4.1/../../../../arm-none-eabi/lib/armv6-m\libcr_c.a(_cr_sbrk.o)
[...]
Memory Configuration

Name             Origin             Length             Attributes
PROGRAM_FLASH    0x00000000         0x00020000         xr
SRAM             0x1ffff000         0x00004000         xrw
*default*        0x00000000         0xffffffff

Linker script and memory map

LOAD ./utilities/fsl_debug_console.o
LOAD ./startup/startup_mkl26z4.o
LOAD ./source/ZF_Controller.o
LOAD ./source/mtb.o
LOAD ./frdmkl26z/board.o
LOAD ./frdmkl26z/clock_config.o
LOAD ./frdmkl26z/pin_mux.o
LOAD ./drivers/fsl_clock.o
LOAD ./drivers/fsl_common.o
LOAD ./drivers/fsl_flash.o
LOAD ./drivers/fsl_gpio.o
LOAD ./drivers/fsl_lpsci.o
LOAD ./drivers/fsl_pit.o
LOAD ./drivers/fsl_smc.o
LOAD ./drivers/fsl_uart.o
LOAD ./CMSIS/system_MKL26Z4.o
START GROUP
LOAD c:/nxp/mcuxpressoide_10.0.0_344/ide/tools/bin/../lib/gcc/arm-none-eabi/5.4.1/../../../../arm-none-eabi/lib/armv6-m\libcr_semihost_nf.a
LOAD c:/nxp/mcuxpressoide_10.0.0_344/ide/tools/bin/../lib/gcc/arm-none-eabi/5.4.1/../../../../arm-none-eabi/lib/armv6-m\libcr_c.a
LOAD c:/nxp/mcuxpressoide_10.0.0_344/ide/tools/bin/../lib/gcc/arm-none-eabi/5.4.1/armv6-m\libcr_eabihelpers.a
END GROUP
                0x00000000                __base_PROGRAM_FLASH = 0x0
                0x00000000                __base_Flash = 0x0
                0x00020000                __top_PROGRAM_FLASH = 0x20000
                0x00020000                __top_Flash = 0x20000
                0x1ffff000                __base_SRAM = 0x1ffff000
                0x1ffff000                __base_RAM = 0x1ffff000
                0x20003000                __top_SRAM = 0x20003000
                0x20003000                __top_RAM = 0x20003000

.text           0x00000000     0x39dc
 FILL mask 0xff
                0x00000000                __vectors_start__ = ABSOLUTE (.)
 *(.isr_vector)
 .isr_vector    0x00000000       0xc0 ./startup/startup_mkl26z4.o
                0x00000000                g_pfnVectors
                0x00000000                __Vectors
                0x000000c0                . = ALIGN (0x4)
                0x000000c0                __section_table_start = .
                0x000000c0                __data_section_table = .
                0x000000c0        0x4 LONG 0x39dc LOADADDR (.data)
                0x000000c4        0x4 LONG 0x1ffff080 ADDR (.data)
                0x000000c8        0x4 LONG 0xc SIZEOF (.data)
                0x000000cc                __data_section_table_end = .
                0x000000cc                __bss_section_table = .
                0x000000cc        0x4 LONG 0x1ffff08c ADDR (.bss)
                0x000000d0        0x4 LONG 0xfc SIZEOF (.bss)
                0x000000d4                __bss_section_table_end = .
                0x000000d4                __section_table_end = .
 *(.after_vectors*)
 .after_vectors.init_data
                0x000000d4       0x18 ./startup/startup_mkl26z4.o
                0x000000d4                data_init
 .after_vectors.init_bss
                0x000000ec       0x14 ./startup/startup_mkl26z4.o
                0x000000ec                bss_init
 .after_vectors.reset
                0x00000100       0x4c ./startup/startup_mkl26z4.o
                0x00000100                ResetISR
 .after_vectors
                0x0000014c      0x118 ./startup/startup_mkl26z4.o
                0x0000014c                NMI_Handler
                0x00000150                HardFault_Handler
                0x00000154                SVC_Handler
                0x00000158                PendSV_Handler
                0x0000015c                SysTick_Handler
                0x00000160                LPTMR0_DriverIRQHandler
                0x00000160                I2C0_DriverIRQHandler
                0x00000160                SPI1_DriverIRQHandler
                0x00000160                DMA0_DriverIRQHandler
                0x00000160                DMA2_DriverIRQHandler
                0x00000160                CMP0_DriverIRQHandler
                0x00000160                I2S0_DriverIRQHandler
                0x00000160                ADC0_DriverIRQHandler
                0x00000160                SPI0_DriverIRQHandler
                0x00000160                TPM2_DriverIRQHandler
                0x00000160                I2C1_DriverIRQHandler
                0x00000160                Reserved20_DriverIRQHandler
                0x00000160                DMA1_DriverIRQHandler
                0x00000160                TSI0_DriverIRQHandler
                0x00000160                RTC_Seconds_DriverIRQHandler
                0x00000160                PIT_DriverIRQHandler
                0x00000160                RTC_DriverIRQHandler
                0x00000160                LLWU_DriverIRQHandler
                0x00000160                MCG_DriverIRQHandler
                0x00000160                TPM1_DriverIRQHandler
                0x00000160                PORTA_DriverIRQHandler
                0x00000160                FTFA_DriverIRQHandler
                0x00000160                IntDefaultHandler
                0x00000160                USB0_DriverIRQHandler
                0x00000160                DAC0_DriverIRQHandler
                0x00000160                LVD_LVW_DriverIRQHandler
                0x00000160                TPM0_DriverIRQHandler
                0x00000160                Reserved45_DriverIRQHandler
                0x00000160                DMA3_DriverIRQHandler
                0x00000164                DMA0_IRQHandler
                0x0000016c                DMA1_IRQHandler
                0x00000174                DMA2_IRQHandler
                0x0000017c                DMA3_IRQHandler
                0x00000184                Reserved20_IRQHandler
                0x0000018c                FTFA_IRQHandler
                0x00000194                LVD_LVW_IRQHandler
                0x0000019c                LLWU_IRQHandler
                0x000001a4                I2C0_IRQHandler
                0x000001ac                I2C1_IRQHandler
                0x000001b4                SPI0_IRQHandler
                0x000001bc                SPI1_IRQHandler
                0x000001c4                UART0_IRQHandler
                0x000001cc                UART1_IRQHandler
                0x000001d4                UART2_IRQHandler
                0x000001dc                ADC0_IRQHandler
                0x000001e4                CMP0_IRQHandler
                0x000001ec                TPM0_IRQHandler
                0x000001f4                TPM1_IRQHandler
                0x000001fc                TPM2_IRQHandler
                0x00000204                RTC_IRQHandler
                0x0000020c                RTC_Seconds_IRQHandler
                0x0000021c                I2S0_IRQHandler
                0x00000224                USB0_IRQHandler
                0x0000022c                DAC0_IRQHandler
                0x00000234                TSI0_IRQHandler
                0x0000023c                MCG_IRQHandler
                0x00000244                LPTMR0_IRQHandler
                0x0000024c                Reserved45_IRQHandler
                0x00000254                PORTA_IRQHandler
                0x0000025c                PORTC_PORTD_IRQHandler
                0x00000400                . = 0x400
 *fill*         0x00000264      0x19c ff
                0x00000400                PROVIDE (__FLASH_CONFIG_START__, .)
 *(.FlashConfig)
 .FlashConfig   0x00000400       0x10 ./startup/startup_mkl26z4.o
                0x00000400                Flash_Config
                0x00000410                PROVIDE (__FLASH_CONFIG_END__, .)
                0x00000001                ASSERT (! ((__FLASH_CONFIG_START__ == __FLASH_CONFIG_END__)), Linker Flash Config Support Enabled, but no .FlashConfig section provided within application)
 *(.text*)
 .text.UART_EnableTx
                0x00000410       0x40 ./utilities/fsl_debug_console.o
 .text.UART_EnableRx
                0x00000450       0x40 ./utilities/fsl_debug_console.o
 .text.LPSCI_EnableTx
                0x00000490       0x40 ./utilities/fsl_debug_console.o
 .text.LPSCI_EnableRx
                0x000004d0       0x40 ./utilities/fsl_debug_console.o
 .text.DbgConsole_Init
                0x00000510       0xf4 ./utilities/fsl_debug_console.o
                0x00000510                DbgConsole_Init
 .text.NVIC_EnableIRQ
                0x00000604       0x2c ./source/ZF_Controller.o
 .text.EnableIRQ
                0x00000630       0x2c ./source/ZF_Controller.o
 .text.PORT_SetPinInterruptConfig
                0x0000065c       0x40 ./source/ZF_Controller.o
 .text.GPIO_SetPinsOutput
                0x0000069c       0x18 ./source/ZF_Controller.o
 .text.GPIO_ClearPinsOutput
                0x000006b4       0x18 ./source/ZF_Controller.o
 .text.GPIO_TogglePinsOutput
                0x000006cc       0x18 ./source/ZF_Controller.o
 .text.PIT_GetDefaultConfig
                0x000006e4       0x28 ./source/ZF_Controller.o
 .text.PIT_EnableInterrupts
                0x0000070c       0x48 ./source/ZF_Controller.o
 .text.PIT_ClearStatusFlags
                0x00000754       0x30 ./source/ZF_Controller.o
 .text.PIT_SetTimerPeriod
                0x00000784       0x2c ./source/ZF_Controller.o
 .text.PIT_StartTimer
                0x000007b0       0x40 ./source/ZF_Controller.o
 .text.PIT_StopTimer
                0x000007f0       0x40 ./source/ZF_Controller.o
 .text.PORTC_PORTD_DriverIRQHandler
                0x00000830       0x60 ./source/ZF_Controller.o
                0x00000830                PORTC_PORTD_DriverIRQHandler
 .text.PIT_IRQHandler
                0x00000890       0x24 ./source/ZF_Controller.o
                0x00000890                PIT_IRQHandler
 .text.main     0x000008b4      0x1d8 ./source/ZF_Controller.o
                0x000008b4                main
 .text.CLOCK_SetLpsci0Clock
                0x00000a8c       0x38 ./frdmkl26z/board.o
 .text.BOARD_InitDebugConsole
                0x00000ac4       0x30 ./frdmkl26z/board.o
                0x00000ac4                BOARD_InitDebugConsole
 .text.CLOCK_SetSimSafeDivs
                0x00000af4       0x20 ./frdmkl26z/clock_config.o
 .text.CLOCK_SetXtal0Freq
                0x00000b14       0x1c ./frdmkl26z/clock_config.o
 .text.CLOCK_CONFIG_SetFllExtRefDiv
                0x00000b30       0x3c ./frdmkl26z/clock_config.o
 .text.BOARD_BootClockRUN
                0x00000b6c       0x64 ./frdmkl26z/clock_config.o
                0x00000b6c                BOARD_BootClockRUN
 .text.CLOCK_EnableClock
                0x00000bd0       0x38 ./frdmkl26z/pin_mux.o
 .text.PORT_SetPinConfig
                0x00000c08       0x38 ./frdmkl26z/pin_mux.o
 .text.PORT_SetPinMux
                0x00000c40       0x40 ./frdmkl26z/pin_mux.o
 .text.BOARD_InitPins
                0x00000c80      0x15c ./frdmkl26z/pin_mux.o
                0x00000c80                BOARD_InitPins
 .text.CLOCK_SetEr32kClock
                0x00000ddc       0x30 ./drivers/fsl_clock.o
 .text.CLOCK_SetPllFllSelClock
                0x00000e0c       0x38 ./drivers/fsl_clock.o
 .text.OSC_SetExtRefClkConfig
                0x00000e44       0x48 ./drivers/fsl_clock.o
 .text.OSC_SetCapLoad
                0x00000e8c       0x4c ./drivers/fsl_clock.o
 .text.CLOCK_GetMcgExtClkFreq
                0x00000ed8       0x28 ./drivers/fsl_clock.o
 .text.CLOCK_GetFllExtRefClkFreq
                0x00000f00       0xa4 ./drivers/fsl_clock.o
 .text.CLOCK_GetInternalRefClkSelectFreq
                0x00000fa4       0x40 ./drivers/fsl_clock.o
 .text.CLOCK_GetFllRefClkFreq
                0x00000fe4       0x30 ./drivers/fsl_clock.o
 .text.CLOCK_GetPll0RefFreq
                0x00001014       0x10 ./drivers/fsl_clock.o
 .text.CLOCK_GetOscRangeFromFreq
                0x00001024       0x4c ./drivers/fsl_clock.o
 .text.CLOCK_GetOsc0ErClkFreq
                0x00001070       0x3c ./drivers/fsl_clock.o
                0x00001070                CLOCK_GetOsc0ErClkFreq
 .text.CLOCK_GetEr32kClkFreq
                0x000010ac       0x74 ./drivers/fsl_clock.o
                0x000010ac                CLOCK_GetEr32kClkFreq
 .text.CLOCK_GetPllFllSelClkFreq
                0x00001120       0x50 ./drivers/fsl_clock.o
                0x00001120                CLOCK_GetPllFllSelClkFreq
 .text.CLOCK_GetCoreSysClkFreq
                0x00001170       0x2c ./drivers/fsl_clock.o
                0x00001170                CLOCK_GetCoreSysClkFreq
 .text.CLOCK_GetFreq
                0x0000119c       0xe0 ./drivers/fsl_clock.o
                0x0000119c                CLOCK_GetFreq
 .text.CLOCK_SetSimConfig
                0x0000127c       0x38 ./drivers/fsl_clock.o
                0x0000127c                CLOCK_SetSimConfig
 .text.CLOCK_GetOutClkFreq
                0x000012b4       0x64 ./drivers/fsl_clock.o
                0x000012b4                CLOCK_GetOutClkFreq
 .text.CLOCK_GetFllFreq
                0x00001318       0x84 ./drivers/fsl_clock.o
                0x00001318                CLOCK_GetFllFreq
 .text.CLOCK_GetInternalRefClkFreq
                0x0000139c       0x28 ./drivers/fsl_clock.o
                0x0000139c                CLOCK_GetInternalRefClkFreq
 .text.CLOCK_GetFixedFreqClkFreq
                0x000013c4       0x30 ./drivers/fsl_clock.o
                0x000013c4                CLOCK_GetFixedFreqClkFreq
 .text.CLOCK_GetPll0Freq
                0x000013f4       0x70 ./drivers/fsl_clock.o
                0x000013f4                CLOCK_GetPll0Freq
 .text.CLOCK_SetExternalRefClkConfig
                0x00001464       0x18 ./drivers/fsl_clock.o
                0x00001464                CLOCK_SetExternalRefClkConfig
 .text.CLOCK_SetInternalRefClkConfig
                0x0000147c      0x12c ./drivers/fsl_clock.o
                0x0000147c                CLOCK_SetInternalRefClkConfig
 .text.CLOCK_EnablePll0
                0x000015a8       0x98 ./drivers/fsl_clock.o
                0x000015a8                CLOCK_EnablePll0
 .text.CLOCK_InitOsc0
                0x00001640       0x98 ./drivers/fsl_clock.o
                0x00001640                CLOCK_InitOsc0
 .text.CLOCK_SetPbeMode
                0x000016d8       0xb0 ./drivers/fsl_clock.o
                0x000016d8                CLOCK_SetPbeMode
 .text.CLOCK_BootToPeeMode
                0x00001788       0x70 ./drivers/fsl_clock.o
                0x00001788                CLOCK_BootToPeeMode
 .text.GPIO_WritePinOutput
                0x000017f8       0x34 ./drivers/fsl_gpio.o
 .text.GPIO_GetInstance
                0x0000182c       0x4c ./drivers/fsl_gpio.o
 .text.GPIO_PinInit
                0x00001878       0x64 ./drivers/fsl_gpio.o
                0x00001878                GPIO_PinInit
 .text.GPIO_GetPinsInterruptFlags
                0x000018dc       0x38 ./drivers/fsl_gpio.o
                0x000018dc                GPIO_GetPinsInterruptFlags
 .text.GPIO_ClearPinsInterruptFlags
                0x00001914       0x3c ./drivers/fsl_gpio.o
                0x00001914                GPIO_ClearPinsInterruptFlags
 .text.CLOCK_EnableClock
                0x00001950       0x38 ./drivers/fsl_lpsci.o
 .text.LPSCI_GetInstance
                0x00001988       0x48 ./drivers/fsl_lpsci.o
                0x00001988                LPSCI_GetInstance
 .text.LPSCI_Init
                0x000019d0      0x270 ./drivers/fsl_lpsci.o
                0x000019d0                LPSCI_Init
 .text.LPSCI_GetDefaultConfig
                0x00001c40       0x44 ./drivers/fsl_lpsci.o
                0x00001c40                LPSCI_GetDefaultConfig
 .text.LPSCI_GetStatusFlags
                0x00001c84       0x28 ./drivers/fsl_lpsci.o
                0x00001c84                LPSCI_GetStatusFlags
 .text.LPSCI_ClearStatusFlags
                0x00001cac       0x98 ./drivers/fsl_lpsci.o
                0x00001cac                LPSCI_ClearStatusFlags
 .text.LPSCI_WriteBlocking
                0x00001d44       0x4c ./drivers/fsl_lpsci.o
                0x00001d44                LPSCI_WriteBlocking
 .text.LPSCI_ReadBlocking
                0x00001d90       0xc0 ./drivers/fsl_lpsci.o
                0x00001d90                LPSCI_ReadBlocking
 .text.UART0_DriverIRQHandler
                0x00001e50       0x24 ./drivers/fsl_lpsci.o
                0x00001e50                UART0_DriverIRQHandler
 .text.CLOCK_EnableClock
                0x00001e74       0x38 ./drivers/fsl_pit.o
 .text.PIT_GetInstance
                0x00001eac       0x48 ./drivers/fsl_pit.o
 .text.PIT_Init
                0x00001ef4       0x6c ./drivers/fsl_pit.o
                0x00001ef4                PIT_Init
 .text.CLOCK_EnableClock
                0x00001f60       0x38 ./drivers/fsl_uart.o
 .text.UART_GetInstance
                0x00001f98       0x54 ./drivers/fsl_uart.o
                0x00001f98                UART_GetInstance
 .text.UART_Init
                0x00001fec      0x1fc ./drivers/fsl_uart.o
                0x00001fec                UART_Init
 .text.UART_GetDefaultConfig
                0x000021e8       0x44 ./drivers/fsl_uart.o
                0x000021e8                UART_GetDefaultConfig
 .text.UART_GetStatusFlags
                0x0000222c       0x28 ./drivers/fsl_uart.o
                0x0000222c                UART_GetStatusFlags
 .text.UART_WriteBlocking
                0x00002254       0x3c ./drivers/fsl_uart.o
                0x00002254                UART_WriteBlocking
 .text.UART_ReadBlocking
                0x00002290       0x98 ./drivers/fsl_uart.o
                0x00002290                UART_ReadBlocking
 .text.UART1_DriverIRQHandler
                0x00002328       0x24 ./drivers/fsl_uart.o
                0x00002328                UART1_DriverIRQHandler
 .text.UART2_DriverIRQHandler
                0x0000234c       0x24 ./drivers/fsl_uart.o
                0x0000234c                UART2_DriverIRQHandler
 .text.SystemInit
                0x00002370       0x3c ./CMSIS/system_MKL26Z4.o
                0x00002370                SystemInit
 .text.__main   0x000023ac        0xc c:/nxp/mcuxpressoide_10.0.0_344/ide/tools/bin/../lib/gcc/arm-none-eabi/5.4.1/../../../../arm-none-eabi/lib/armv6-m\libcr_semihost_nf.a(_cr__main.o)
                0x000023ac                __CR_SEMIHOST
                0x000023ac                __main
 .text.__assertion_failed
                0x000023b8       0x4c c:/nxp/mcuxpressoide_10.0.0_344/ide/tools/bin/../lib/gcc/arm-none-eabi/5.4.1/../../../../arm-none-eabi/lib/armv6-m\libcr_semihost_nf.a(_cr_assert.o)
                0x000023b8                __assertion_failed
 .text.__sys_appexit
                0x00002404        0xc c:/nxp/mcuxpressoide_10.0.0_344/ide/tools/bin/../lib/gcc/arm-none-eabi/5.4.1/../../../../arm-none-eabi/lib/armv6-m\libcr_semihost_nf.a(__sys_appexit.o)
                0x00002404                __sys_appexit
                0x00002404                __exit
 .text.memset   0x00002410        0x8 c:/nxp/mcuxpressoide_10.0.0_344/ide/tools/bin/../lib/gcc/arm-none-eabi/5.4.1/../../../../arm-none-eabi/lib/armv6-m\libcr_c.a(memset.o)
                0x00002410                memset
 .text._deferredlazyseek
                0x00002418       0x40 c:/nxp/mcuxpressoide_10.0.0_344/ide/tools/bin/../lib/gcc/arm-none-eabi/5.4.1/../../../../arm-none-eabi/lib/armv6-m\libcr_c.a(_deferredlazyseek.o)
                0x00002418                _deferredlazyseek
 .text.__flsbuf
                0x00002458      0x14c c:/nxp/mcuxpressoide_10.0.0_344/ide/tools/bin/../lib/gcc/arm-none-eabi/5.4.1/../../../../arm-none-eabi/lib/armv6-m\libcr_c.a(_deferredlazyseek.o)
                0x00002458                __flsbuf
 .text._fflush  0x000025a4       0x60 c:/nxp/mcuxpressoide_10.0.0_344/ide/tools/bin/../lib/gcc/arm-none-eabi/5.4.1/../../../../arm-none-eabi/lib/armv6-m\libcr_c.a(_fflush.o)
                0x000025a4                _fflush
 .text._Cwritebuf
                0x00002604       0x6c c:/nxp/mcuxpressoide_10.0.0_344/ide/tools/bin/../lib/gcc/arm-none-eabi/5.4.1/../../../../arm-none-eabi/lib/armv6-m\libcr_c.a(_writebuf.o)
                0x00002604                _Cwritebuf
 .text.malloc   0x00002670       0xcc c:/nxp/mcuxpressoide_10.0.0_344/ide/tools/bin/../lib/gcc/arm-none-eabi/5.4.1/../../../../arm-none-eabi/lib/armv6-m\libcr_c.a(alloc.o)
                0x00002670                malloc
 .text.free     0x0000273c       0x2e c:/nxp/mcuxpressoide_10.0.0_344/ide/tools/bin/../lib/gcc/arm-none-eabi/5.4.1/../../../../arm-none-eabi/lib/armv6-m\libcr_c.a(alloc.o)
                0x0000273c                free
 *fill*         0x0000276a        0x2 ff
 .text._Csys_alloc
                0x0000276c       0x20 c:/nxp/mcuxpressoide_10.0.0_344/ide/tools/bin/../lib/gcc/arm-none-eabi/5.4.1/../../../../arm-none-eabi/lib/armv6-m\libcr_c.a(alloc.o)
                0x0000276c                _Csys_alloc
 .text.fputs    0x0000278c       0x30 c:/nxp/mcuxpressoide_10.0.0_344/ide/tools/bin/../lib/gcc/arm-none-eabi/5.4.1/../../../../arm-none-eabi/lib/armv6-m\libcr_c.a(fputs.o)
                0x0000278c                fputs
 .text.fseek    0x000027bc       0xf0 c:/nxp/mcuxpressoide_10.0.0_344/ide/tools/bin/../lib/gcc/arm-none-eabi/5.4.1/../../../../arm-none-eabi/lib/armv6-m\libcr_c.a(fseek.o)
                0x000027bc                fseek
 .text.ftell    0x000028ac       0x48 c:/nxp/mcuxpressoide_10.0.0_344/ide/tools/bin/../lib/gcc/arm-none-eabi/5.4.1/../../../../arm-none-eabi/lib/armv6-m\libcr_c.a(ftell.o)
                0x000028ac                ftell
 .text._initio  0x000028f4       0x7c c:/nxp/mcuxpressoide_10.0.0_344/ide/tools/bin/../lib/gcc/arm-none-eabi/5.4.1/../../../../arm-none-eabi/lib/armv6-m\libcr_c.a(initio.o)
                0x000028f4                _initio
 .text.setvbuf  0x00002970       0x4c c:/nxp/mcuxpressoide_10.0.0_344/ide/tools/bin/../lib/gcc/arm-none-eabi/5.4.1/../../../../arm-none-eabi/lib/armv6-m\libcr_c.a(setvbuf.o)
                0x00002970                setvbuf
 .text._sbrk    0x000029bc       0x40 c:/nxp/mcuxpressoide_10.0.0_344/ide/tools/bin/../lib/gcc/arm-none-eabi/5.4.1/../../../../arm-none-eabi/lib/armv6-m\libcr_c.a(_cr_sbrk.o)
                0x000029bc                _sbrk
 .text._fdopen  0x000029fc       0x74 c:/nxp/mcuxpressoide_10.0.0_344/ide/tools/bin/../lib/gcc/arm-none-eabi/5.4.1/../../../../arm-none-eabi/lib/armv6-m\libcr_c.a(_fdopen.o)
                0x000029fc                _fdopen
 .text.fclose   0x00002a70       0x5c c:/nxp/mcuxpressoide_10.0.0_344/ide/tools/bin/../lib/gcc/arm-none-eabi/5.4.1/../../../../arm-none-eabi/lib/armv6-m\libcr_c.a(fclose.o)
                0x00002a70                fclose
 .text.fflush   0x00002acc       0x44 c:/nxp/mcuxpressoide_10.0.0_344/ide/tools/bin/../lib/gcc/arm-none-eabi/5.4.1/../../../../arm-none-eabi/lib/armv6-m\libcr_c.a(fflush.o)
                0x00002acc                fflush
 .text.remove   0x00002b10       0x12 c:/nxp/mcuxpressoide_10.0.0_344/ide/tools/bin/../lib/gcc/arm-none-eabi/5.4.1/../../../../arm-none-eabi/lib/armv6-m\libcr_c.a(remove.o)
                0x00002b10                remove
 *fill*         0x00002b22        0x2 ff
 .text.strlen   0x00002b24       0x54 c:/nxp/mcuxpressoide_10.0.0_344/ide/tools/bin/../lib/gcc/arm-none-eabi/5.4.1/../../../../arm-none-eabi/lib/armv6-m\libcr_c.a(strlen.o)
                0x00002b24                strlen
 .text.__check_heap_overflow
                0x00002b78       0x14 c:/nxp/mcuxpressoide_10.0.0_344/ide/tools/bin/../lib/gcc/arm-none-eabi/5.4.1/../../../../arm-none-eabi/lib/armv6-m\libcr_c.a(_cr_check_heap.o)
                0x00002b78                __check_heap_overflow
 .text._do_fflush
                0x00002b8c       0x48 c:/nxp/mcuxpressoide_10.0.0_344/ide/tools/bin/../lib/gcc/arm-none-eabi/5.4.1/../../../../arm-none-eabi/lib/armv6-m\libcr_c.a(_do_fflush.o)
                0x00002b8c                _do_fflush
 .text.__aeabi_division_idivmod
                0x00002bd4       0x78 c:/nxp/mcuxpressoide_10.0.0_344/ide/tools/bin/../lib/gcc/arm-none-eabi/5.4.1/armv6-m\libcr_eabihelpers.a(division_32.o)
                0x00002bd4                __aeabi_idivmod
                0x00002bd4                __aeabi_idiv
                0x00002bda                __aeabi_uidivmod
                0x00002bda                __aeabi_uidiv
 .text.__aeabi_division_uldivmod
                0x00002c4c       0x5a c:/nxp/mcuxpressoide_10.0.0_344/ide/tools/bin/../lib/gcc/arm-none-eabi/5.4.1/armv6-m\libcr_eabihelpers.a(division_64.o)
                0x00002c4c                __aeabi_uldivmod
 .text.__aeabi_division_idiv0
                0x00002ca6        0x2 c:/nxp/mcuxpressoide_10.0.0_344/ide/tools/bin/../lib/gcc/arm-none-eabi/5.4.1/armv6-m\libcr_eabihelpers.a(division_idiv0.o)
                0x00002ca6                __aeabi_idiv0
 .text.__aeabi_llong_lmul
                0x00002ca8       0x2e c:/nxp/mcuxpressoide_10.0.0_344/ide/tools/bin/../lib/gcc/arm-none-eabi/5.4.1/armv6-m\libcr_eabihelpers.a(llong.o)
                0x00002ca8                __aeabi_lmul
 .text.__aeabi_memset_lowlevel
                0x00002cd6       0x2a c:/nxp/mcuxpressoide_10.0.0_344/ide/tools/bin/../lib/gcc/arm-none-eabi/5.4.1/armv6-m\libcr_eabihelpers.a(memcpy.o)
                0x00002cd6                __aeabi_lowlevel_memset
 .text.__sys_close
                0x00002d00        0xc c:/nxp/mcuxpressoide_10.0.0_344/ide/tools/bin/../lib/gcc/arm-none-eabi/5.4.1/../../../../arm-none-eabi/lib/armv6-m\libcr_semihost_nf.a(__sys_close.o)
                0x00002d00                __sys_close
 .text.__sys_flen
                0x00002d0c        0xc c:/nxp/mcuxpressoide_10.0.0_344/ide/tools/bin/../lib/gcc/arm-none-eabi/5.4.1/../../../../arm-none-eabi/lib/armv6-m\libcr_semihost_nf.a(__sys_flen.o)
                0x00002d0c                __sys_flen
 .text.__sys_istty
                0x00002d18        0xc c:/nxp/mcuxpressoide_10.0.0_344/ide/tools/bin/../lib/gcc/arm-none-eabi/5.4.1/../../../../arm-none-eabi/lib/armv6-m\libcr_semihost_nf.a(__sys_istty.o)
                0x00002d18                __sys_istty
 .text.__sys_remove
                0x00002d24        0xc c:/nxp/mcuxpressoide_10.0.0_344/ide/tools/bin/../lib/gcc/arm-none-eabi/5.4.1/../../../../arm-none-eabi/lib/armv6-m\libcr_semihost_nf.a(__sys_remove.o)
                0x00002d24                __sys_remove
 .text.__sys_seek
                0x00002d30        0xc c:/nxp/mcuxpressoide_10.0.0_344/ide/tools/bin/../lib/gcc/arm-none-eabi/5.4.1/../../../../arm-none-eabi/lib/armv6-m\libcr_semihost_nf.a(__sys_seek.o)
                0x00002d30                __sys_seek
 .text.__sys_tmpnam
                0x00002d3c        0xc c:/nxp/mcuxpressoide_10.0.0_344/ide/tools/bin/../lib/gcc/arm-none-eabi/5.4.1/../../../../arm-none-eabi/lib/armv6-m\libcr_semihost_nf.a(__sys_tmpnam.o)
                0x00002d3c                __sys_tmpnam
 .text.__sys_write
                0x00002d48        0xc c:/nxp/mcuxpressoide_10.0.0_344/ide/tools/bin/../lib/gcc/arm-none-eabi/5.4.1/../../../../arm-none-eabi/lib/armv6-m\libcr_semihost_nf.a(__sys_write.o)
                0x00002d48                __sys_write
 *(.rodata .rodata.* .constdata .constdata.*)
 .rodata        0x00002d54       0x3f ./source/ZF_Controller.o
 *fill*         0x00002d93        0x1 ff
 .rodata.mcgConfig_BOARD_BootClockRUN
                0x00002d94        0xa ./frdmkl26z/clock_config.o
                0x00002d94                mcgConfig_BOARD_BootClockRUN
 *fill*         0x00002d9e        0x2 ff
 .rodata.simConfig_BOARD_BootClockRUN
                0x00002da0        0x8 ./frdmkl26z/clock_config.o
                0x00002da0                simConfig_BOARD_BootClockRUN
 .rodata.oscConfig_BOARD_BootClockRUN
                0x00002da8        0x8 ./frdmkl26z/clock_config.o
                0x00002da8                oscConfig_BOARD_BootClockRUN
 .rodata        0x00002db0       0x40 ./frdmkl26z/pin_mux.o
 .rodata        0x00002df0      0x11d ./drivers/fsl_clock.o
 *fill*         0x00002f0d        0x3 ff
 .rodata.CLOCK_GetFreq
                0x00002f10       0x38 ./drivers/fsl_clock.o
 .rodata.fllFactorTable.5283
                0x00002f48       0x10 ./drivers/fsl_clock.o
 .rodata.s_portBases
                0x00002f58       0x14 ./drivers/fsl_gpio.o
 .rodata.s_gpioBases
                0x00002f6c       0x14 ./drivers/fsl_gpio.o
 .rodata        0x00002f80       0xc7 ./drivers/fsl_gpio.o
 *fill*         0x00003047        0x1 ff
 .rodata        0x00003048      0x48c ./drivers/fsl_lpsci.o
 .rodata        0x000034d4       0x5d ./drivers/fsl_pit.o
 *fill*         0x00003531        0x3 ff
 .rodata.s_uartBases
                0x00003534        0xc ./drivers/fsl_uart.o
 .rodata.s_uartClock
                0x00003540        0xc ./drivers/fsl_uart.o
 .rodata        0x0000354c      0x45b ./drivers/fsl_uart.o
 .rodata.str1.1
                0x000039a7       0x15 c:/nxp/mcuxpressoide_10.0.0_344/ide/tools/bin/../lib/gcc/arm-none-eabi/5.4.1/../../../../arm-none-eabi/lib/armv6-m\libcr_semihost_nf.a(_cr_assert.o)
 .rodata.__num_Ciob_streams
                0x000039bc        0x4 c:/nxp/mcuxpressoide_10.0.0_344/ide/tools/bin/../lib/gcc/arm-none-eabi/5.4.1/../../../../arm-none-eabi/lib/armv6-m\libcr_semihost_nf.a(__ciob.o)
                0x000039bc                __num_Ciob_streams
 .rodata.str1.1
                0x000039c0       0x18 c:/nxp/mcuxpressoide_10.0.0_344/ide/tools/bin/../lib/gcc/arm-none-eabi/5.4.1/../../../../arm-none-eabi/lib/armv6-m\libcr_c.a(alloc.o)
 .rodata.str1.1
                0x000039d8        0x4 c:/nxp/mcuxpressoide_10.0.0_344/ide/tools/bin/../lib/gcc/arm-none-eabi/5.4.1/../../../../arm-none-eabi/lib/armv6-m\libcr_c.a(initio.o)
                0x000039dc                . = ALIGN (0x4)

.glue_7         0x000039dc        0x0
 .glue_7        0x000039dc        0x0 linker stubs

.glue_7t        0x000039dc        0x0
 .glue_7t       0x000039dc        0x0 linker stubs

.vfp11_veneer   0x000039dc        0x0
 .vfp11_veneer  0x000039dc        0x0 linker stubs

.v4_bx          0x000039dc        0x0
 .v4_bx         0x000039dc        0x0 linker stubs

.iplt           0x000039dc        0x0
 .iplt          0x000039dc        0x0 ./utilities/fsl_debug_console.o

.rel.dyn        0x000039dc        0x0
 .rel.iplt      0x000039dc        0x0 ./utilities/fsl_debug_console.o

.ARM.extab
 *(.ARM.extab* .gnu.linkonce.armextab.*)
                0x000039dc                __exidx_start = .

.ARM.exidx
 *(.ARM.exidx* .gnu.linkonce.armexidx.*)
                0x000039dc                __exidx_end = .
                0x000039dc                _etext = .

.m_usb_data
 *(m_usb_bdt)

.mtb_buffer_default
                0x1ffff000       0x80
 *(.mtb*)
 .mtb.$RAM1     0x1ffff000       0x80 ./source/mtb.o
                0x1ffff000                __mtb_buffer__

.uninit_RESERVED
                0x1ffff080        0x0
 *(.bss.$RESERVED*)
                0x1ffff080                . = ALIGN (0x4)
                0x1ffff080                _end_uninit_RESERVED = .

.data           0x1ffff080        0xc load address 0x000039dc
 FILL mask 0xff
                0x1ffff080                _data = .
 *(vtable)
 *(.ramfunc*)
 *(.data*)
 .data.s_slowIrcFreq
                0x1ffff080        0x4 ./drivers/fsl_clock.o
 .data.s_fastIrcFreq
                0x1ffff084        0x4 ./drivers/fsl_clock.o
 .data.SystemCoreClock
                0x1ffff088        0x4 ./CMSIS/system_MKL26Z4.o
                0x1ffff088                SystemCoreClock
                0x1ffff08c                . = ALIGN (0x4)
                0x1ffff08c                _edata = .

.igot.plt       0x1ffff08c        0x0 load address 0x000039e8
 .igot.plt      0x1ffff08c        0x0 ./utilities/fsl_debug_console.o

.bss            0x1ffff08c       0xfc load address 0x000039e8
                0x1ffff08c                _bss = .
 *(.bss*)
 .bss.s_debugConsole
                0x1ffff08c       0x10 ./utilities/fsl_debug_console.o
 .bss.interrupted
                0x1ffff09c        0x1 ./source/ZF_Controller.o
                0x1ffff09c                interrupted
 *fill*         0x1ffff09d        0x3 
 .bss.count     0x1ffff0a0        0x4 ./source/ZF_Controller.o
                0x1ffff0a0                count
 .bss.pitIsrFlag
                0x1ffff0a4        0x1 ./source/ZF_Controller.o
                0x1ffff0a4                pitIsrFlag
 *fill*         0x1ffff0a5        0x3 
 .bss.g_xtal0Freq
                0x1ffff0a8        0x4 ./drivers/fsl_clock.o
                0x1ffff0a8                g_xtal0Freq
 .bss.g_xtal32Freq
                0x1ffff0ac        0x4 ./drivers/fsl_clock.o
                0x1ffff0ac                g_xtal32Freq
 .bss.s_lpsciHandle
                0x1ffff0b0        0x4 ./drivers/fsl_lpsci.o
 .bss.s_lpsciIsr
                0x1ffff0b4        0x4 ./drivers/fsl_lpsci.o
 .bss.s_uartHandle
                0x1ffff0b8        0xc ./drivers/fsl_uart.o
 .bss.s_uartIsr
                0x1ffff0c4        0x4 ./drivers/fsl_uart.o
 .bss.__Ciob    0x1ffff0c8       0xb4 c:/nxp/mcuxpressoide_10.0.0_344/ide/tools/bin/../lib/gcc/arm-none-eabi/5.4.1/../../../../arm-none-eabi/lib/armv6-m\libcr_semihost_nf.a(__ciob.o)
                0x1ffff0c8                __Ciob
 .bss.__heaps   0x1ffff17c        0x4 c:/nxp/mcuxpressoide_10.0.0_344/ide/tools/bin/../lib/gcc/arm-none-eabi/5.4.1/../../../../arm-none-eabi/lib/armv6-m\libcr_c.a(__init_alloc.o)
                0x1ffff17c                __heaps
 .bss.__end_of_heap
                0x1ffff180        0x4 c:/nxp/mcuxpressoide_10.0.0_344/ide/tools/bin/../lib/gcc/arm-none-eabi/5.4.1/../../../../arm-none-eabi/lib/armv6-m\libcr_c.a(__init_alloc.o)
                0x1ffff180                __end_of_heap
 .bss.errno     0x1ffff184        0x4 c:/nxp/mcuxpressoide_10.0.0_344/ide/tools/bin/../lib/gcc/arm-none-eabi/5.4.1/../../../../arm-none-eabi/lib/armv6-m\libcr_c.a(errno.o)
                0x1ffff184                errno
 *(COMMON)
                0x1ffff188                . = ALIGN (0x4)
                0x1ffff188                _ebss = .
                [!provide]                PROVIDE (end, .)

.noinit         0x1ffff188        0x0 load address 0x000039e8
                0x1ffff188                _noinit = .
 *(.noinit*)
                0x1ffff188                . = ALIGN (0x4)
                0x1ffff188                _end_noinit = .

.heap           0x1ffff188      0x400 load address 0x000039e8
                0x1ffff188                _pvHeapStart = .
                0x1ffff588                . = (. + 0x400)
 *fill*         0x1ffff188      0x400 
                0x1ffff588                . = ALIGN (0x4)
                0x1ffff588                _pvHeapLimit = .

.heap2stackfill
                0x1ffff588      0x400 load address 0x000039e8
                0x1ffff988                . = (. + 0x400)
 *fill*         0x1ffff588      0x400 

.stack          0x20002c00        0x0
                0x20002c00                _vStackBase = .
                0x20002c00                . = ALIGN (0x4)
                0x20003000                _vStackTop = (. + 0x400)
OUTPUT(ZF_Controller.axf elf32-littlearm)

.debug_info     0x00000000     0x7c5f
 .debug_info    0x00000000      0x807 ./utilities/fsl_debug_console.o
 .debug_info    0x00000807      0x49f ./startup/startup_mkl26z4.o
 .debug_info    0x00000ca6      0xada ./source/ZF_Controller.o
 .debug_info    0x00001780       0x51 ./source/mtb.o
 .debug_info    0x000017d1      0x38b ./frdmkl26z/board.o
 .debug_info    0x00001b5c      0xa17 ./frdmkl26z/clock_config.o
 .debug_info    0x00002573      0x6b1 ./frdmkl26z/pin_mux.o
 .debug_info    0x00002c24     0x1915 ./drivers/fsl_clock.o
 .debug_info    0x00004539      0x6dc ./drivers/fsl_gpio.o
 .debug_info    0x00004c15     0x1365 ./drivers/fsl_lpsci.o
 .debug_info    0x00005f7a      0x5d0 ./drivers/fsl_pit.o
 .debug_info    0x0000654a     0x130f ./drivers/fsl_uart.o
 .debug_info    0x00007859      0x406 ./CMSIS/system_MKL26Z4.o

.debug_abbrev   0x00000000     0x16a4
 .debug_abbrev  0x00000000      0x1ac ./utilities/fsl_debug_console.o
 .debug_abbrev  0x000001ac      0x131 ./startup/startup_mkl26z4.o
 .debug_abbrev  0x000002dd      0x1fb ./source/ZF_Controller.o
 .debug_abbrev  0x000004d8       0x41 ./source/mtb.o
 .debug_abbrev  0x00000519      0x118 ./frdmkl26z/board.o
 .debug_abbrev  0x00000631      0x1db ./frdmkl26z/clock_config.o
 .debug_abbrev  0x0000080c      0x1dc ./frdmkl26z/pin_mux.o
 .debug_abbrev  0x000009e8      0x302 ./drivers/fsl_clock.o
 .debug_abbrev  0x00000cea      0x1af ./drivers/fsl_gpio.o
 .debug_abbrev  0x00000e99      0x296 ./drivers/fsl_lpsci.o
 .debug_abbrev  0x0000112f      0x1be ./drivers/fsl_pit.o
 .debug_abbrev  0x000012ed      0x2ae ./drivers/fsl_uart.o
 .debug_abbrev  0x0000159b      0x109 ./CMSIS/system_MKL26Z4.o

.debug_aranges  0x00000000      0x808
 .debug_aranges
                0x00000000       0x48 ./utilities/fsl_debug_console.o
 .debug_aranges
                0x00000048      0x160 ./startup/startup_mkl26z4.o
 .debug_aranges
                0x000001a8       0x90 ./source/ZF_Controller.o
 .debug_aranges
                0x00000238       0x18 ./source/mtb.o
 .debug_aranges
                0x00000250       0x28 ./frdmkl26z/board.o
 .debug_aranges
                0x00000278       0x58 ./frdmkl26z/clock_config.o
 .debug_aranges
                0x000002d0       0x40 ./frdmkl26z/pin_mux.o
 .debug_aranges
                0x00000310      0x1d8 ./drivers/fsl_clock.o
 .debug_aranges
                0x000004e8       0x68 ./drivers/fsl_gpio.o
 .debug_aranges
                0x00000550      0x118 ./drivers/fsl_lpsci.o
 .debug_aranges
                0x00000668       0x48 ./drivers/fsl_pit.o
 .debug_aranges
                0x000006b0      0x130 ./drivers/fsl_uart.o
 .debug_aranges
                0x000007e0       0x28 ./CMSIS/system_MKL26Z4.o

.debug_ranges   0x00000000      0x730
 .debug_ranges  0x00000000       0x38 ./utilities/fsl_debug_console.o
 .debug_ranges  0x00000038      0x150 ./startup/startup_mkl26z4.o
 .debug_ranges  0x00000188       0x80 ./source/ZF_Controller.o
 .debug_ranges  0x00000208       0x18 ./frdmkl26z/board.o
 .debug_ranges  0x00000220       0x48 ./frdmkl26z/clock_config.o
 .debug_ranges  0x00000268       0x30 ./frdmkl26z/pin_mux.o
 .debug_ranges  0x00000298      0x1c8 ./drivers/fsl_clock.o
 .debug_ranges  0x00000460       0x58 ./drivers/fsl_gpio.o
 .debug_ranges  0x000004b8      0x108 ./drivers/fsl_lpsci.o
 .debug_ranges  0x000005c0       0x38 ./drivers/fsl_pit.o
 .debug_ranges  0x000005f8      0x120 ./drivers/fsl_uart.o
 .debug_ranges  0x00000718       0x18 ./CMSIS/system_MKL26Z4.o

.debug_macro    0x00000000     0x90fc
 .debug_macro   0x00000000      0x13a ./utilities/fsl_debug_console.o
 .debug_macro   0x0000013a      0x85c ./utilities/fsl_debug_console.o
 .debug_macro   0x00000996       0x10 ./utilities/fsl_debug_console.o
 .debug_macro   0x000009a6       0x16 ./utilities/fsl_debug_console.o
 .debug_macro   0x000009bc       0x10 ./utilities/fsl_debug_console.o
 .debug_macro   0x000009cc      0x12d ./utilities/fsl_debug_console.o
 .debug_macro   0x00000af9       0x28 ./utilities/fsl_debug_console.o
 .debug_macro   0x00000b21       0xc4 ./utilities/fsl_debug_console.o
 .debug_macro   0x00000be5       0x16 ./utilities/fsl_debug_console.o
 .debug_macro   0x00000bfb       0x22 ./utilities/fsl_debug_console.o
 .debug_macro   0x00000c1d      0x5b2 ./utilities/fsl_debug_console.o
 .debug_macro   0x000011cf       0x10 ./utilities/fsl_debug_console.o
 .debug_macro   0x000011df       0x3f ./utilities/fsl_debug_console.o
 .debug_macro   0x0000121e       0x3a ./utilities/fsl_debug_console.o
 .debug_macro   0x00001258       0x26 ./utilities/fsl_debug_console.o
 .debug_macro   0x0000127e      0x329 ./utilities/fsl_debug_console.o
 .debug_macro   0x000015a7       0x3f ./utilities/fsl_debug_console.o
 .debug_macro   0x000015e6     0x562d ./utilities/fsl_debug_console.o
 .debug_macro   0x00006c13     0x13e9 ./utilities/fsl_debug_console.o
 .debug_macro   0x00007ffc       0x3a ./utilities/fsl_debug_console.o
 .debug_macro   0x00008036       0xfb ./utilities/fsl_debug_console.o
 .debug_macro   0x00008131       0x35 ./utilities/fsl_debug_console.o
 .debug_macro   0x00008166       0xd2 ./utilities/fsl_debug_console.o
 .debug_macro   0x00008238       0x34 ./utilities/fsl_debug_console.o
 .debug_macro   0x0000826c       0x10 ./utilities/fsl_debug_console.o
 .debug_macro   0x0000827c       0x10 ./utilities/fsl_debug_console.o
 .debug_macro   0x0000828c       0x29 ./startup/startup_mkl26z4.o
 .debug_macro   0x000082b5      0x186 ./source/ZF_Controller.o
 .debug_macro   0x0000843b       0x1c ./source/ZF_Controller.o
 .debug_macro   0x00008457       0x10 ./source/ZF_Controller.o
 .debug_macro   0x00008467       0x10 ./source/ZF_Controller.o
 .debug_macro   0x00008477       0x10 ./source/ZF_Controller.o
 .debug_macro   0x00008487       0x1c ./source/ZF_Controller.o
 .debug_macro   0x000084a3       0xf4 ./source/ZF_Controller.o
 .debug_macro   0x00008597      0x13c ./source/ZF_Controller.o
 .debug_macro   0x000086d3       0x2f ./source/mtb.o
 .debug_macro   0x00008702       0x82 ./source/mtb.o
 .debug_macro   0x00008784       0x10 ./source/mtb.o
 .debug_macro   0x00008794      0x12b ./frdmkl26z/board.o
 .debug_macro   0x000088bf       0x16 ./frdmkl26z/board.o
 .debug_macro   0x000088d5      0x123 ./frdmkl26z/clock_config.o
 .debug_macro   0x000089f8      0x124 ./frdmkl26z/pin_mux.o
 .debug_macro   0x00008b1c      0x196 ./drivers/fsl_clock.o
 .debug_macro   0x00008cb2       0xec ./drivers/fsl_gpio.o
 .debug_macro   0x00008d9e       0xec ./drivers/fsl_lpsci.o
 .debug_macro   0x00008e8a       0xec ./drivers/fsl_pit.o
 .debug_macro   0x00008f76       0xf2 ./drivers/fsl_uart.o
 .debug_macro   0x00009068       0x94 ./CMSIS/system_MKL26Z4.o

.debug_line     0x00000000     0x3113
 .debug_line    0x00000000      0x328 ./utilities/fsl_debug_console.o
 .debug_line    0x00000328      0x128 ./startup/startup_mkl26z4.o
 .debug_line    0x00000450      0x449 ./source/ZF_Controller.o
 .debug_line    0x00000899       0x95 ./source/mtb.o
 .debug_line    0x0000092e      0x2b2 ./frdmkl26z/board.o
 .debug_line    0x00000be0      0x2eb ./frdmkl26z/clock_config.o
 .debug_line    0x00000ecb      0x2b8 ./frdmkl26z/pin_mux.o
 .debug_line    0x00001183      0x986 ./drivers/fsl_clock.o
 .debug_line    0x00001b09      0x312 ./drivers/fsl_gpio.o
 .debug_line    0x00001e1b      0x73a ./drivers/fsl_lpsci.o
 .debug_line    0x00002555      0x297 ./drivers/fsl_pit.o
 .debug_line    0x000027ec      0x73d ./drivers/fsl_uart.o
 .debug_line    0x00002f29      0x1ea ./CMSIS/system_MKL26Z4.o

.debug_str      0x00000000    0x38738
 .debug_str     0x00000000    0x33180 ./utilities/fsl_debug_console.o
                              0x333bd (size before relaxing)
 .debug_str     0x00033180      0x3c7 ./startup/startup_mkl26z4.o
                               0x27f8 (size before relaxing)
 .debug_str     0x00033547     0x1a4f ./source/ZF_Controller.o
                              0x34443 (size before relaxing)
 .debug_str     0x00034f96      0x532 ./source/mtb.o
                               0x290b (size before relaxing)
 .debug_str     0x000354c8      0x110 ./frdmkl26z/board.o
                              0x32f0b (size before relaxing)
 .debug_str     0x000355d8      0x71b ./frdmkl26z/clock_config.o
                              0x32e87 (size before relaxing)
 .debug_str     0x00035cf3      0x549 ./frdmkl26z/pin_mux.o
                              0x33059 (size before relaxing)
 .debug_str     0x0003623c     0x11b6 ./drivers/fsl_clock.o
                              0x33f51 (size before relaxing)
 .debug_str     0x000373f2       0xce ./drivers/fsl_gpio.o
                              0x32831 (size before relaxing)
 .debug_str     0x000374c0      0x962 ./drivers/fsl_lpsci.o
                              0x33559 (size before relaxing)
 .debug_str     0x00037e22       0x78 ./drivers/fsl_pit.o
                              0x328d4 (size before relaxing)
 .debug_str     0x00037e9a      0x832 ./drivers/fsl_uart.o
                              0x3357c (size before relaxing)
 .debug_str     0x000386cc       0x6c ./CMSIS/system_MKL26Z4.o
                              0x318c1 (size before relaxing)

.comment        0x00000000       0x6e
 .comment       0x00000000       0x6e ./utilities/fsl_debug_console.o
                                 0x6f (size before relaxing)
 .comment       0x0000006e       0x6f ./startup/startup_mkl26z4.o
 .comment       0x0000006e       0x6f ./source/ZF_Controller.o
 .comment       0x0000006e       0x6f ./source/mtb.o
 .comment       0x0000006e       0x6f ./frdmkl26z/board.o
 .comment       0x0000006e       0x6f ./frdmkl26z/clock_config.o
 .comment       0x0000006e       0x6f ./frdmkl26z/pin_mux.o
 .comment       0x0000006e       0x6f ./drivers/fsl_clock.o
 .comment       0x0000006e       0x6f ./drivers/fsl_gpio.o
 .comment       0x0000006e       0x6f ./drivers/fsl_lpsci.o
 .comment       0x0000006e       0x6f ./drivers/fsl_pit.o
 .comment       0x0000006e       0x6f ./drivers/fsl_uart.o
 .comment       0x0000006e       0x6f ./CMSIS/system_MKL26Z4.o
 .comment       0x0000006e       0x6f c:/nxp/mcuxpressoide_10.0.0_344/ide/tools/bin/../lib/gcc/arm-none-eabi/5.4.1/../../../../arm-none-eabi/lib/armv6-m\libcr_semihost_nf.a(_cr__main.o)
 .comment       0x0000006e       0x6f c:/nxp/mcuxpressoide_10.0.0_344/ide/tools/bin/../lib/gcc/arm-none-eabi/5.4.1/../../../../arm-none-eabi/lib/armv6-m\libcr_semihost_nf.a(_cr_assert.o)
 .comment       0x0000006e       0x6f c:/nxp/mcuxpressoide_10.0.0_344/ide/tools/bin/../lib/gcc/arm-none-eabi/5.4.1/../../../../arm-none-eabi/lib/armv6-m\libcr_semihost_nf.a(__ciob.o)
 .comment       0x0000006e       0x6f c:/nxp/mcuxpressoide_10.0.0_344/ide/tools/bin/../lib/gcc/arm-none-eabi/5.4.1/../../../../arm-none-eabi/lib/armv6-m\libcr_c.a(memset.o)
 .comment       0x0000006e       0x6f c:/nxp/mcuxpressoide_10.0.0_344/ide/tools/bin/../lib/gcc/arm-none-eabi/5.4.1/../../../../arm-none-eabi/lib/armv6-m\libcr_c.a(_deferredlazyseek.o)
 .comment       0x0000006e       0x6f c:/nxp/mcuxpressoide_10.0.0_344/ide/tools/bin/../lib/gcc/arm-none-eabi/5.4.1/../../../../arm-none-eabi/lib/armv6-m\libcr_c.a(_fflush.o)
 .comment       0x0000006e       0x6f c:/nxp/mcuxpressoide_10.0.0_344/ide/tools/bin/../lib/gcc/arm-none-eabi/5.4.1/../../../../arm-none-eabi/lib/armv6-m\libcr_c.a(_writebuf.o)
 .comment       0x0000006e       0x6f c:/nxp/mcuxpressoide_10.0.0_344/ide/tools/bin/../lib/gcc/arm-none-eabi/5.4.1/../../../../arm-none-eabi/lib/armv6-m\libcr_c.a(alloc.o)
 .comment       0x0000006e       0x6f c:/nxp/mcuxpressoide_10.0.0_344/ide/tools/bin/../lib/gcc/arm-none-eabi/5.4.1/../../../../arm-none-eabi/lib/armv6-m\libcr_c.a(fputs.o)
 .comment       0x0000006e       0x6f c:/nxp/mcuxpressoide_10.0.0_344/ide/tools/bin/../lib/gcc/arm-none-eabi/5.4.1/../../../../arm-none-eabi/lib/armv6-m\libcr_c.a(fseek.o)
 .comment       0x0000006e       0x6f c:/nxp/mcuxpressoide_10.0.0_344/ide/tools/bin/../lib/gcc/arm-none-eabi/5.4.1/../../../../arm-none-eabi/lib/armv6-m\libcr_c.a(ftell.o)
 .comment       0x0000006e       0x6f c:/nxp/mcuxpressoide_10.0.0_344/ide/tools/bin/../lib/gcc/arm-none-eabi/5.4.1/../../../../arm-none-eabi/lib/armv6-m\libcr_c.a(initio.o)
 .comment       0x0000006e       0x6f c:/nxp/mcuxpressoide_10.0.0_344/ide/tools/bin/../lib/gcc/arm-none-eabi/5.4.1/../../../../arm-none-eabi/lib/armv6-m\libcr_c.a(setvbuf.o)
 .comment       0x0000006e       0x6f c:/nxp/mcuxpressoide_10.0.0_344/ide/tools/bin/../lib/gcc/arm-none-eabi/5.4.1/../../../../arm-none-eabi/lib/armv6-m\libcr_c.a(__init_alloc.o)
 .comment       0x0000006e       0x6f c:/nxp/mcuxpressoide_10.0.0_344/ide/tools/bin/../lib/gcc/arm-none-eabi/5.4.1/../../../../arm-none-eabi/lib/armv6-m\libcr_c.a(_cr_sbrk.o)
 .comment       0x0000006e       0x6f c:/nxp/mcuxpressoide_10.0.0_344/ide/tools/bin/../lib/gcc/arm-none-eabi/5.4.1/../../../../arm-none-eabi/lib/armv6-m\libcr_c.a(_fdopen.o)
 .comment       0x0000006e       0x6f c:/nxp/mcuxpressoide_10.0.0_344/ide/tools/bin/../lib/gcc/arm-none-eabi/5.4.1/../../../../arm-none-eabi/lib/armv6-m\libcr_c.a(errno.o)
 .comment       0x0000006e       0x6f c:/nxp/mcuxpressoide_10.0.0_344/ide/tools/bin/../lib/gcc/arm-none-eabi/5.4.1/../../../../arm-none-eabi/lib/armv6-m\libcr_c.a(fclose.o)
 .comment       0x0000006e       0x6f c:/nxp/mcuxpressoide_10.0.0_344/ide/tools/bin/../lib/gcc/arm-none-eabi/5.4.1/../../../../arm-none-eabi/lib/armv6-m\libcr_c.a(fflush.o)
 .comment       0x0000006e       0x6f c:/nxp/mcuxpressoide_10.0.0_344/ide/tools/bin/../lib/gcc/arm-none-eabi/5.4.1/../../../../arm-none-eabi/lib/armv6-m\libcr_c.a(remove.o)
 .comment       0x0000006e       0x6f c:/nxp/mcuxpressoide_10.0.0_344/ide/tools/bin/../lib/gcc/arm-none-eabi/5.4.1/../../../../arm-none-eabi/lib/armv6-m\libcr_c.a(strlen.o)
 .comment       0x0000006e       0x6f c:/nxp/mcuxpressoide_10.0.0_344/ide/tools/bin/../lib/gcc/arm-none-eabi/5.4.1/../../../../arm-none-eabi/lib/armv6-m\libcr_c.a(_cr_check_heap.o)
 .comment       0x0000006e       0x6f c:/nxp/mcuxpressoide_10.0.0_344/ide/tools/bin/../lib/gcc/arm-none-eabi/5.4.1/../../../../arm-none-eabi/lib/armv6-m\libcr_c.a(_do_fflush.o)

.ARM.attributes
                0x00000000       0x30
 .ARM.attributes
                0x00000000       0x32 ./utilities/fsl_debug_console.o
 .ARM.attributes
                0x00000032       0x32 ./startup/startup_mkl26z4.o
 .ARM.attributes
                0x00000064       0x32 ./source/ZF_Controller.o
 .ARM.attributes
                0x00000096       0x32 ./source/mtb.o
 .ARM.attributes
                0x000000c8       0x32 ./frdmkl26z/board.o
 .ARM.attributes
                0x000000fa       0x32 ./frdmkl26z/clock_config.o
 .ARM.attributes
                0x0000012c       0x32 ./frdmkl26z/pin_mux.o
 .ARM.attributes
                0x0000015e       0x32 ./drivers/fsl_clock.o
 .ARM.attributes
                0x00000190       0x32 ./drivers/fsl_gpio.o
 .ARM.attributes
                0x000001c2       0x32 ./drivers/fsl_lpsci.o
 .ARM.attributes
                0x000001f4       0x32 ./drivers/fsl_pit.o
 .ARM.attributes
                0x00000226       0x32 ./drivers/fsl_uart.o
 .ARM.attributes
                0x00000258       0x32 ./CMSIS/system_MKL26Z4.o
 .ARM.attributes
                0x0000028a       0x31 c:/nxp/mcuxpressoide_10.0.0_344/ide/tools/bin/../lib/gcc/arm-none-eabi/5.4.1/../../../../arm-none-eabi/lib/armv6-m\libcr_semihost_nf.a(_cr__main.o)
 .ARM.attributes
                0x000002bb       0x31 c:/nxp/mcuxpressoide_10.0.0_344/ide/tools/bin/../lib/gcc/arm-none-eabi/5.4.1/../../../../arm-none-eabi/lib/armv6-m\libcr_semihost_nf.a(_cr_assert.o)
 .ARM.attributes
                0x000002ec       0x31 c:/nxp/mcuxpressoide_10.0.0_344/ide/tools/bin/../lib/gcc/arm-none-eabi/5.4.1/../../../../arm-none-eabi/lib/armv6-m\libcr_semihost_nf.a(__ciob.o)
 .ARM.attributes
                0x0000031d       0x21 c:/nxp/mcuxpressoide_10.0.0_344/ide/tools/bin/../lib/gcc/arm-none-eabi/5.4.1/../../../../arm-none-eabi/lib/armv6-m\libcr_semihost_nf.a(__sys_appexit.o)
 .ARM.attributes
                0x0000033e       0x31 c:/nxp/mcuxpressoide_10.0.0_344/ide/tools/bin/../lib/gcc/arm-none-eabi/5.4.1/../../../../arm-none-eabi/lib/armv6-m\libcr_c.a(memset.o)
 .ARM.attributes
                0x0000036f       0x31 c:/nxp/mcuxpressoide_10.0.0_344/ide/tools/bin/../lib/gcc/arm-none-eabi/5.4.1/../../../../arm-none-eabi/lib/armv6-m\libcr_c.a(_deferredlazyseek.o)
 .ARM.attributes
                0x000003a0       0x31 c:/nxp/mcuxpressoide_10.0.0_344/ide/tools/bin/../lib/gcc/arm-none-eabi/5.4.1/../../../../arm-none-eabi/lib/armv6-m\libcr_c.a(_fflush.o)
 .ARM.attributes
                0x000003d1       0x31 c:/nxp/mcuxpressoide_10.0.0_344/ide/tools/bin/../lib/gcc/arm-none-eabi/5.4.1/../../../../arm-none-eabi/lib/armv6-m\libcr_c.a(_writebuf.o)
 .ARM.attributes
                0x00000402       0x31 c:/nxp/mcuxpressoide_10.0.0_344/ide/tools/bin/../lib/gcc/arm-none-eabi/5.4.1/../../../../arm-none-eabi/lib/armv6-m\libcr_c.a(alloc.o)
 .ARM.attributes
                0x00000433       0x31 c:/nxp/mcuxpressoide_10.0.0_344/ide/tools/bin/../lib/gcc/arm-none-eabi/5.4.1/../../../../arm-none-eabi/lib/armv6-m\libcr_c.a(fputs.o)
 .ARM.attributes
                0x00000464       0x31 c:/nxp/mcuxpressoide_10.0.0_344/ide/tools/bin/../lib/gcc/arm-none-eabi/5.4.1/../../../../arm-none-eabi/lib/armv6-m\libcr_c.a(fseek.o)
 .ARM.attributes
                0x00000495       0x31 c:/nxp/mcuxpressoide_10.0.0_344/ide/tools/bin/../lib/gcc/arm-none-eabi/5.4.1/../../../../arm-none-eabi/lib/armv6-m\libcr_c.a(ftell.o)
 .ARM.attributes
                0x000004c6       0x31 c:/nxp/mcuxpressoide_10.0.0_344/ide/tools/bin/../lib/gcc/arm-none-eabi/5.4.1/../../../../arm-none-eabi/lib/armv6-m\libcr_c.a(initio.o)
 .ARM.attributes
                0x000004f7       0x31 c:/nxp/mcuxpressoide_10.0.0_344/ide/tools/bin/../lib/gcc/arm-none-eabi/5.4.1/../../../../arm-none-eabi/lib/armv6-m\libcr_c.a(setvbuf.o)
 .ARM.attributes
                0x00000528       0x31 c:/nxp/mcuxpressoide_10.0.0_344/ide/tools/bin/../lib/gcc/arm-none-eabi/5.4.1/../../../../arm-none-eabi/lib/armv6-m\libcr_c.a(__init_alloc.o)
 .ARM.attributes
                0x00000559       0x31 c:/nxp/mcuxpressoide_10.0.0_344/ide/tools/bin/../lib/gcc/arm-none-eabi/5.4.1/../../../../arm-none-eabi/lib/armv6-m\libcr_c.a(_cr_sbrk.o)
 .ARM.attributes
                0x0000058a       0x31 c:/nxp/mcuxpressoide_10.0.0_344/ide/tools/bin/../lib/gcc/arm-none-eabi/5.4.1/../../../../arm-none-eabi/lib/armv6-m\libcr_c.a(_fdopen.o)
 .ARM.attributes
                0x000005bb       0x31 c:/nxp/mcuxpressoide_10.0.0_344/ide/tools/bin/../lib/gcc/arm-none-eabi/5.4.1/../../../../arm-none-eabi/lib/armv6-m\libcr_c.a(errno.o)
 .ARM.attributes
                0x000005ec       0x31 c:/nxp/mcuxpressoide_10.0.0_344/ide/tools/bin/../lib/gcc/arm-none-eabi/5.4.1/../../../../arm-none-eabi/lib/armv6-m\libcr_c.a(fclose.o)
 .ARM.attributes
                0x0000061d       0x31 c:/nxp/mcuxpressoide_10.0.0_344/ide/tools/bin/../lib/gcc/arm-none-eabi/5.4.1/../../../../arm-none-eabi/lib/armv6-m\libcr_c.a(fflush.o)
 .ARM.attributes
                0x0000064e       0x31 c:/nxp/mcuxpressoide_10.0.0_344/ide/tools/bin/../lib/gcc/arm-none-eabi/5.4.1/../../../../arm-none-eabi/lib/armv6-m\libcr_c.a(remove.o)
 .ARM.attributes
                0x0000067f       0x31 c:/nxp/mcuxpressoide_10.0.0_344/ide/tools/bin/../lib/gcc/arm-none-eabi/5.4.1/../../../../arm-none-eabi/lib/armv6-m\libcr_c.a(strlen.o)
 .ARM.attributes
                0x000006b0       0x31 c:/nxp/mcuxpressoide_10.0.0_344/ide/tools/bin/../lib/gcc/arm-none-eabi/5.4.1/../../../../arm-none-eabi/lib/armv6-m\libcr_c.a(_cr_check_heap.o)
 .ARM.attributes
                0x000006e1       0x31 c:/nxp/mcuxpressoide_10.0.0_344/ide/tools/bin/../lib/gcc/arm-none-eabi/5.4.1/../../../../arm-none-eabi/lib/armv6-m\libcr_c.a(_do_fflush.o)
 .ARM.attributes
                0x00000712       0x21 c:/nxp/mcuxpressoide_10.0.0_344/ide/tools/bin/../lib/gcc/arm-none-eabi/5.4.1/armv6-m\libcr_eabihelpers.a(division_32.o)
 .ARM.attributes
                0x00000733       0x21 c:/nxp/mcuxpressoide_10.0.0_344/ide/tools/bin/../lib/gcc/arm-none-eabi/5.4.1/armv6-m\libcr_eabihelpers.a(division_64.o)
 .ARM.attributes
                0x00000754       0x21 c:/nxp/mcuxpressoide_10.0.0_344/ide/tools/bin/../lib/gcc/arm-none-eabi/5.4.1/armv6-m\libcr_eabihelpers.a(division_idiv0.o)
 .ARM.attributes
                0x00000775       0x21 c:/nxp/mcuxpressoide_10.0.0_344/ide/tools/bin/../lib/gcc/arm-none-eabi/5.4.1/armv6-m\libcr_eabihelpers.a(llong.o)
 .ARM.attributes
                0x00000796       0x21 c:/nxp/mcuxpressoide_10.0.0_344/ide/tools/bin/../lib/gcc/arm-none-eabi/5.4.1/armv6-m\libcr_eabihelpers.a(memcpy.o)
 .ARM.attributes
                0x000007b7       0x21 c:/nxp/mcuxpressoide_10.0.0_344/ide/tools/bin/../lib/gcc/arm-none-eabi/5.4.1/../../../../arm-none-eabi/lib/armv6-m\libcr_semihost_nf.a(__sys_close.o)
 .ARM.attributes
                0x000007d8       0x21 c:/nxp/mcuxpressoide_10.0.0_344/ide/tools/bin/../lib/gcc/arm-none-eabi/5.4.1/../../../../arm-none-eabi/lib/armv6-m\libcr_semihost_nf.a(__sys_flen.o)
 .ARM.attributes
                0x000007f9       0x21 c:/nxp/mcuxpressoide_10.0.0_344/ide/tools/bin/../lib/gcc/arm-none-eabi/5.4.1/../../../../arm-none-eabi/lib/armv6-m\libcr_semihost_nf.a(__sys_istty.o)
 .ARM.attributes
                0x0000081a       0x21 c:/nxp/mcuxpressoide_10.0.0_344/ide/tools/bin/../lib/gcc/arm-none-eabi/5.4.1/../../../../arm-none-eabi/lib/armv6-m\libcr_semihost_nf.a(__sys_remove.o)
 .ARM.attributes
                0x0000083b       0x21 c:/nxp/mcuxpressoide_10.0.0_344/ide/tools/bin/../lib/gcc/arm-none-eabi/5.4.1/../../../../arm-none-eabi/lib/armv6-m\libcr_semihost_nf.a(__sys_seek.o)
 .ARM.attributes
                0x0000085c       0x21 c:/nxp/mcuxpressoide_10.0.0_344/ide/tools/bin/../lib/gcc/arm-none-eabi/5.4.1/../../../../arm-none-eabi/lib/armv6-m\libcr_semihost_nf.a(__sys_tmpnam.o)
 .ARM.attributes
                0x0000087d       0x21 c:/nxp/mcuxpressoide_10.0.0_344/ide/tools/bin/../lib/gcc/arm-none-eabi/5.4.1/../../../../arm-none-eabi/lib/armv6-m\libcr_semihost_nf.a(__sys_write.o)

.debug_frame    0x00000000     0x1a28
 .debug_frame   0x00000000       0xcc ./utilities/fsl_debug_console.o
 .debug_frame   0x000000cc      0x3b0 ./startup/startup_mkl26z4.o
 .debug_frame   0x0000047c      0x1f0 ./source/ZF_Controller.o
 .debug_frame   0x0000066c       0x50 ./frdmkl26z/board.o
 .debug_frame   0x000006bc      0x100 ./frdmkl26z/clock_config.o
 .debug_frame   0x000007bc       0xac ./frdmkl26z/pin_mux.o
 .debug_frame   0x00000868      0x6dc ./drivers/fsl_clock.o
 .debug_frame   0x00000f44      0x150 ./drivers/fsl_gpio.o
 .debug_frame   0x00001094      0x410 ./drivers/fsl_lpsci.o
 .debug_frame   0x000014a4       0xd4 ./drivers/fsl_pit.o
 .debug_frame   0x00001578      0x464 ./drivers/fsl_uart.o
 .debug_frame   0x000019dc       0x4c ./CMSIS/system_MKL26Z4.o
